nohup: ignoring input

======================================================================
ThrowBin_1 Parallel Experiment Runner
======================================================================
N values: [10000, 20000, 30000]
Bin ratios: ['25%', '30%', '35%', '40%', '45%', '50%']
Total experiment combinations: 18
Workers: 31
Data path: ./data/
======================================================================

[START] N=10000, Ratio=50%, Runs=10000
  [N=10000, 50pct] Progress: 0%
  [N=10000, 50pct] Progress: 25%
  [N=10000, 50pct] Progress: 50%
  [N=10000, 50pct] Progress: 75%
[DONE] N=10000, Ratio=50% -> Avg: 2340.2 (ratio: 0.47)
[START] N=10000, Ratio=30%, Runs=10000
  [N=10000, 30pct] Progress: 0%
  [N=10000, 30pct] Progress: 25%
  [N=10000, 30pct] Progress: 50%
  [N=10000, 30pct] Progress: 75%
[DONE] N=10000, Ratio=30% -> Avg: 2707.8 (ratio: 0.90)
[START] N=10000, Ratio=35%, Runs=10000
  [N=10000, 35pct] Progress: 0%
  [N=10000, 35pct] Progress: 25%
  [N=10000, 35pct] Progress: 50%
  [N=10000, 35pct] Progress: 75%
[DONE] N=10000, Ratio=35% -> Avg: 2636.6 (ratio: 0.75)
[START] N=10000, Ratio=40%, Runs=10000
  [N=10000, 40pct] Progress: 0%
  [N=10000, 40pct] Progress: 25%
  [N=10000, 40pct] Progress: 50%
  [N=10000, 40pct] Progress: 75%
[DONE] N=10000, Ratio=40% -> Avg: 2505.5 (ratio: 0.63)
[START] N=10000, Ratio=25%, Runs=10000
  [N=10000, 25pct] Progress: 0%
  [N=10000, 25pct] Progress: 25%
  [N=10000, 25pct] Progress: 50%
  [N=10000, 25pct] Progress: 75%
[DONE] N=10000, Ratio=25% -> Avg: 2843.2 (ratio: 1.14)
[START] N=10000, Ratio=45%, Runs=10000
  [N=10000, 45pct] Progress: 0%
  [N=10000, 45pct] Progress: 25%
  [N=10000, 45pct] Progress: 50%
  [N=10000, 45pct] Progress: 75%
[DONE] N=10000, Ratio=45% -> Avg: 2429.9 (ratio: 0.54)
[START] N=20000, Ratio=30%, Runs=20000
  [N=20000, 30pct] Progress: 0%
  [N=20000, 30pct] Progress: 25%
  [N=20000, 30pct] Progress: 50%
  [N=20000, 30pct] Progress: 75%
[DONE] N=20000, Ratio=30% -> Avg: 5451.8 (ratio: 0.91)
[START] N=20000, Ratio=40%, Runs=20000
  [N=20000, 40pct] Progress: 0%
  [N=20000, 40pct] Progress: 25%
  [N=20000, 40pct] Progress: 50%
  [N=20000, 40pct] Progress: 75%
[DONE] N=20000, Ratio=40% -> Avg: 5070.8 (ratio: 0.63)
[START] N=20000, Ratio=50%, Runs=20000
  [N=20000, 50pct] Progress: 0%
  [N=20000, 50pct] Progress: 25%
  [N=20000, 50pct] Progress: 50%
  [N=20000, 50pct] Progress: 75%
[DONE] N=20000, Ratio=50% -> Avg: 4645.9 (ratio: 0.46)
[START] N=20000, Ratio=45%, Runs=20000
  [N=20000, 45pct] Progress: 0%
  [N=20000, 45pct] Progress: 25%
  [N=20000, 45pct] Progress: 50%
  [N=20000, 45pct] Progress: 75%
[DONE] N=20000, Ratio=45% -> Avg: 4852.3 (ratio: 0.54)
[START] N=20000, Ratio=35%, Runs=20000
  [N=20000, 35pct] Progress: 0%
  [N=20000, 35pct] Progress: 25%
  [N=20000, 35pct] Progress: 50%
  [N=20000, 35pct] Progress: 75%
[DONE] N=20000, Ratio=35% -> Avg: 5261.7 (ratio: 0.75)
[START] N=20000, Ratio=25%, Runs=20000
  [N=20000, 25pct] Progress: 0%
  [N=20000, 25pct] Progress: 25%
  [N=20000, 25pct] Progress: 50%
  [N=20000, 25pct] Progress: 75%
[DONE] N=20000, Ratio=25% -> Avg: 5617.9 (ratio: 1.12)
[START] N=30000, Ratio=25%, Runs=30000
  [N=30000, 25pct] Progress: 0%
  [N=30000, 25pct] Progress: 25%
  [N=30000, 25pct] Progress: 50%
  [N=30000, 25pct] Progress: 75%
[DONE] N=30000, Ratio=25% -> Avg: 8467.9 (ratio: 1.13)
[START] N=30000, Ratio=35%, Runs=30000
  [N=30000, 35pct] Progress: 0%
  [N=30000, 35pct] Progress: 25%
  [N=30000, 35pct] Progress: 50%
  [N=30000, 35pct] Progress: 75%
[DONE] N=30000, Ratio=35% -> Avg: 7861.2 (ratio: 0.75)
[START] N=30000, Ratio=50%, Runs=30000
  [N=30000, 50pct] Progress: 0%
  [N=30000, 50pct] Progress: 25%
  [N=30000, 50pct] Progress: 50%
  [N=30000, 50pct] Progress: 75%
[DONE] N=30000, Ratio=50% -> Avg: 7000.5 (ratio: 0.47)
[START] N=30000, Ratio=30%, Runs=30000
  [N=30000, 30pct] Progress: 0%
  [N=30000, 30pct] Progress: 25%
  [N=30000, 30pct] Progress: 50%
  [N=30000, 30pct] Progress: 75%
[DONE] N=30000, Ratio=30% -> Avg: 8144.9 (ratio: 0.90)
[START] N=30000, Ratio=45%, Runs=30000
  [N=30000, 45pct] Progress: 0%
  [N=30000, 45pct] Progress: 25%
  [N=30000, 45pct] Progress: 50%
  [N=30000, 45pct] Progress: 75%
[DONE] N=30000, Ratio=45% -> Avg: 7338.7 (ratio: 0.54)
[START] N=30000, Ratio=40%, Runs=30000
  [N=30000, 40pct] Progress: 0%
  [N=30000, 40pct] Progress: 25%
  [N=30000, 40pct] Progress: 50%
  [N=30000, 40pct] Progress: 75%
[DONE] N=30000, Ratio=40% -> Avg: 7595.1 (ratio: 0.63)

Summary plots saved to: ./data/throwbin1_parallel_summary_20260119_001730.png

======================================================================
EXPERIMENT COMPLETE
======================================================================
Duration: 0:55:32.169722
Summary saved to: ./data/throwbin1_parallel_summary_20260119_001730.csv

Results by (N, Ratio):
----------------------------------------------------------------------
         N |  Ratio |     Bins |  Avg Covered |  Eff (Avg/N/2)
----------------------------------------------------------------------
     10000 |    25% |     2500 |      2843.15 |           0.57
     10000 |    30% |     3000 |      2707.81 |           0.54
     10000 |    35% |     3500 |      2636.64 |           0.53
     10000 |    40% |     4000 |      2505.52 |           0.50
     10000 |    45% |     4500 |      2429.93 |           0.49
     10000 |    50% |     5000 |      2340.25 |           0.47
     20000 |    25% |     5000 |      5617.93 |           0.56
     20000 |    30% |     6000 |      5451.85 |           0.55
     20000 |    35% |     7000 |      5261.67 |           0.53
     20000 |    40% |     8000 |      5070.76 |           0.51
     20000 |    45% |     9000 |      4852.35 |           0.49
     20000 |    50% |    10000 |      4645.87 |           0.46
     30000 |    25% |     7500 |      8467.93 |           0.56
     30000 |    30% |     9000 |      8144.88 |           0.54
     30000 |    35% |    10500 |      7861.16 |           0.52
     30000 |    40% |    12000 |      7595.11 |           0.51
     30000 |    45% |    13500 |      7338.70 |           0.49
     30000 |    50% |    15000 |      7000.53 |           0.47
----------------------------------------------------------------------

All experiments complete!
