nohup: ignoring input

======================================================================
ThrowBin_1 Parallel Experiment Runner
======================================================================
N values: [10000, 20000, 30000, 40000, 50000, 60000, 70000, 80000, 90000, 100000]
Bin ratios: ['30%', '35%', '40%', '45%', '50%']
Total experiment combinations: 50
Workers: 31
Data path: ./data/
======================================================================

[START] N=40000, Ratio=50%, Runs=40000
  [N=40000, 50pct] Progress: 0%
  [N=40000, 50pct] Progress: 25%
  [N=40000, 50pct] Progress: 50%
  [N=40000, 50pct] Progress: 75%
[DONE] N=40000, Ratio=50% -> Avg: 9321.2 (ratio: 0.47)
[START] N=50000, Ratio=45%, Runs=50000
  [N=50000, 45pct] Progress: 0%
  [N=50000, 45pct] Progress: 25%
  [N=50000, 45pct] Progress: 50%
  [N=50000, 45pct] Progress: 75%
[DONE] N=50000, Ratio=45% -> Avg: 12113.4 (ratio: 0.54)
[START] N=50000, Ratio=30%, Runs=50000
  [N=50000, 30pct] Progress: 0%
  [N=50000, 30pct] Progress: 25%
  [N=50000, 30pct] Progress: 50%
  [N=50000, 30pct] Progress: 75%
[DONE] N=50000, Ratio=30% -> Avg: 13643.9 (ratio: 0.91)
[START] N=50000, Ratio=50%, Runs=50000
  [N=50000, 50pct] Progress: 0%
  [N=50000, 50pct] Progress: 25%
  [N=50000, 50pct] Progress: 50%
  [N=50000, 50pct] Progress: 75%
[DONE] N=50000, Ratio=50% -> Avg: 11718.2 (ratio: 0.47)
[START] N=50000, Ratio=35%, Runs=50000
  [N=50000, 35pct] Progress: 0%
  [N=50000, 35pct] Progress: 25%
  [N=50000, 35pct] Progress: 50%
  [N=50000, 35pct] Progress: 75%
[DONE] N=50000, Ratio=35% -> Avg: 13091.8 (ratio: 0.75)
[START] N=50000, Ratio=40%, Runs=50000
  [N=50000, 40pct] Progress: 0%
  [N=50000, 40pct] Progress: 25%
  [N=50000, 40pct] Progress: 50%
  [N=50000, 40pct] Progress: 75%
[DONE] N=50000, Ratio=40% -> Avg: 12601.4 (ratio: 0.63)
[START] N=60000, Ratio=30%, Runs=60000
  [N=60000, 30pct] Progress: 0%
  [N=60000, 30pct] Progress: 25%
  [N=60000, 30pct] Progress: 50%
  [N=60000, 30pct] Progress: 75%
[DONE] N=60000, Ratio=30% -> Avg: 16363.8 (ratio: 0.91)
[START] N=60000, Ratio=50%, Runs=60000
  [N=60000, 50pct] Progress: 0%
  [N=60000, 50pct] Progress: 25%
  [N=60000, 50pct] Progress: 50%
  [N=60000, 50pct] Progress: 75%
[DONE] N=60000, Ratio=50% -> Avg: 14097.6 (ratio: 0.47)
[START] N=60000, Ratio=40%, Runs=60000
  [N=60000, 40pct] Progress: 0%
  [N=60000, 40pct] Progress: 25%
  [N=60000, 40pct] Progress: 50%
  [N=60000, 40pct] Progress: 75%
[DONE] N=60000, Ratio=40% -> Avg: 15100.5 (ratio: 0.63)
[START] N=60000, Ratio=35%, Runs=60000
  [N=60000, 35pct] Progress: 0%
  [N=60000, 35pct] Progress: 25%
  [N=60000, 35pct] Progress: 50%
  [N=60000, 35pct] Progress: 75%
[DONE] N=60000, Ratio=35% -> Avg: 15790.7 (ratio: 0.75)
[START] N=60000, Ratio=45%, Runs=60000
  [N=60000, 45pct] Progress: 0%
  [N=60000, 45pct] Progress: 25%
  [N=60000, 45pct] Progress: 50%
  [N=60000, 45pct] Progress: 75%
[DONE] N=60000, Ratio=45% -> Avg: 14601.2 (ratio: 0.54)
[START] N=70000, Ratio=30%, Runs=70000
  [N=70000, 30pct] Progress: 0%
  [N=70000, 30pct] Progress: 25%
  [N=70000, 30pct] Progress: 50%
  [N=70000, 30pct] Progress: 75%
[DONE] N=70000, Ratio=30% -> Avg: 19053.2 (ratio: 0.91)
[START] N=10000, Ratio=40%, Runs=10000
  [N=10000, 40pct] Progress: 0%
  [N=10000, 40pct] Progress: 25%
  [N=10000, 40pct] Progress: 50%
  [N=10000, 40pct] Progress: 75%
[DONE] N=10000, Ratio=40% -> Avg: 2540.3 (ratio: 0.64)
[START] N=70000, Ratio=35%, Runs=70000
  [N=70000, 35pct] Progress: 0%
  [N=70000, 35pct] Progress: 25%
  [N=70000, 35pct] Progress: 50%
  [N=70000, 35pct] Progress: 75%
[DONE] N=70000, Ratio=35% -> Avg: 18327.8 (ratio: 0.75)
[START] N=10000, Ratio=30%, Runs=10000
  [N=10000, 30pct] Progress: 0%
  [N=10000, 30pct] Progress: 25%
  [N=10000, 30pct] Progress: 50%
  [N=10000, 30pct] Progress: 75%
[DONE] N=10000, Ratio=30% -> Avg: 2717.3 (ratio: 0.91)
[START] N=70000, Ratio=45%, Runs=70000
  [N=70000, 45pct] Progress: 0%
  [N=70000, 45pct] Progress: 25%
  [N=70000, 45pct] Progress: 50%
  [N=70000, 45pct] Progress: 75%
[DONE] N=70000, Ratio=45% -> Avg: 16978.7 (ratio: 0.54)
[START] N=10000, Ratio=50%, Runs=10000
  [N=10000, 50pct] Progress: 0%
  [N=10000, 50pct] Progress: 25%
  [N=10000, 50pct] Progress: 50%
  [N=10000, 50pct] Progress: 75%
[DONE] N=10000, Ratio=50% -> Avg: 2352.1 (ratio: 0.47)
[START] N=70000, Ratio=40%, Runs=70000
  [N=70000, 40pct] Progress: 0%
  [N=70000, 40pct] Progress: 25%
  [N=70000, 40pct] Progress: 50%
  [N=70000, 40pct] Progress: 75%
[DONE] N=70000, Ratio=40% -> Avg: 17766.3 (ratio: 0.63)
[START] N=10000, Ratio=45%, Runs=10000
  [N=10000, 45pct] Progress: 0%
  [N=10000, 45pct] Progress: 25%
  [N=10000, 45pct] Progress: 50%
  [N=10000, 45pct] Progress: 75%
[DONE] N=10000, Ratio=45% -> Avg: 2452.9 (ratio: 0.55)
[START] N=70000, Ratio=50%, Runs=70000
  [N=70000, 50pct] Progress: 0%
  [N=70000, 50pct] Progress: 25%
  [N=70000, 50pct] Progress: 50%
  [N=70000, 50pct] Progress: 75%
[DONE] N=70000, Ratio=50% -> Avg: 16398.8 (ratio: 0.47)
[START] N=20000, Ratio=50%, Runs=20000
  [N=20000, 50pct] Progress: 0%
  [N=20000, 50pct] Progress: 25%
  [N=20000, 50pct] Progress: 50%
  [N=20000, 50pct] Progress: 75%
[DONE] N=20000, Ratio=50% -> Avg: 4693.0 (ratio: 0.47)
[START] N=80000, Ratio=35%, Runs=80000
  [N=80000, 35pct] Progress: 0%
  [N=80000, 35pct] Progress: 25%
  [N=80000, 35pct] Progress: 50%
  [N=80000, 35pct] Progress: 75%
[DONE] N=80000, Ratio=35% -> Avg: 20998.3 (ratio: 0.75)
[START] N=10000, Ratio=35%, Runs=10000
  [N=10000, 35pct] Progress: 0%
  [N=10000, 35pct] Progress: 25%
  [N=10000, 35pct] Progress: 50%
  [N=10000, 35pct] Progress: 75%
[DONE] N=10000, Ratio=35% -> Avg: 2621.2 (ratio: 0.75)
[START] N=80000, Ratio=30%, Runs=80000
  [N=80000, 30pct] Progress: 0%
  [N=80000, 30pct] Progress: 25%
  [N=80000, 30pct] Progress: 50%
  [N=80000, 30pct] Progress: 75%
[DONE] N=80000, Ratio=30% -> Avg: 21803.7 (ratio: 0.91)
[START] N=20000, Ratio=35%, Runs=20000
  [N=20000, 35pct] Progress: 0%
  [N=20000, 35pct] Progress: 25%
  [N=20000, 35pct] Progress: 50%
  [N=20000, 35pct] Progress: 75%
[DONE] N=20000, Ratio=35% -> Avg: 5267.0 (ratio: 0.75)
[START] N=80000, Ratio=45%, Runs=80000
  [N=80000, 45pct] Progress: 0%
  [N=80000, 45pct] Progress: 25%
  [N=80000, 45pct] Progress: 50%
  [N=80000, 45pct] Progress: 75%
[DONE] N=80000, Ratio=45% -> Avg: 19301.9 (ratio: 0.54)
[START] N=20000, Ratio=30%, Runs=20000
  [N=20000, 30pct] Progress: 0%
  [N=20000, 30pct] Progress: 25%
  [N=20000, 30pct] Progress: 50%
  [N=20000, 30pct] Progress: 75%
[DONE] N=20000, Ratio=30% -> Avg: 5468.9 (ratio: 0.91)
[START] N=80000, Ratio=50%, Runs=80000
  [N=80000, 50pct] Progress: 0%
  [N=80000, 50pct] Progress: 25%
  [N=80000, 50pct] Progress: 50%
  [N=80000, 50pct] Progress: 75%
[DONE] N=80000, Ratio=50% -> Avg: 18722.0 (ratio: 0.47)
[START] N=20000, Ratio=40%, Runs=20000
  [N=20000, 40pct] Progress: 0%
  [N=20000, 40pct] Progress: 25%
  [N=20000, 40pct] Progress: 50%
  [N=20000, 40pct] Progress: 75%
[DONE] N=20000, Ratio=40% -> Avg: 5068.9 (ratio: 0.63)
[START] N=80000, Ratio=40%, Runs=80000
  [N=80000, 40pct] Progress: 0%
  [N=80000, 40pct] Progress: 25%
  [N=80000, 40pct] Progress: 50%
  [N=80000, 40pct] Progress: 75%
[DONE] N=80000, Ratio=40% -> Avg: 20295.4 (ratio: 0.63)
[START] N=20000, Ratio=45%, Runs=20000
  [N=20000, 45pct] Progress: 0%
  [N=20000, 45pct] Progress: 25%
  [N=20000, 45pct] Progress: 50%
  [N=20000, 45pct] Progress: 75%
[DONE] N=20000, Ratio=45% -> Avg: 4852.8 (ratio: 0.54)
[START] N=90000, Ratio=30%, Runs=90000
  [N=90000, 30pct] Progress: 0%
  [N=90000, 30pct] Progress: 25%
  [N=90000, 30pct] Progress: 50%
  [N=90000, 30pct] Progress: 75%
[DONE] N=90000, Ratio=30% -> Avg: 24531.4 (ratio: 0.91)
[START] N=30000, Ratio=40%, Runs=30000
  [N=30000, 40pct] Progress: 0%
  [N=30000, 40pct] Progress: 25%
  [N=30000, 40pct] Progress: 50%
  [N=30000, 40pct] Progress: 75%
[DONE] N=30000, Ratio=40% -> Avg: 7577.7 (ratio: 0.63)
[START] N=90000, Ratio=35%, Runs=90000
  [N=90000, 35pct] Progress: 0%
  [N=90000, 35pct] Progress: 25%
  [N=90000, 35pct] Progress: 50%
  [N=90000, 35pct] Progress: 75%
[DONE] N=90000, Ratio=35% -> Avg: 23654.8 (ratio: 0.75)
[START] N=30000, Ratio=30%, Runs=30000
  [N=30000, 30pct] Progress: 0%
  [N=30000, 30pct] Progress: 25%
  [N=30000, 30pct] Progress: 50%
  [N=30000, 30pct] Progress: 75%
[DONE] N=30000, Ratio=30% -> Avg: 8155.8 (ratio: 0.91)
[START] N=90000, Ratio=40%, Runs=90000
  [N=90000, 40pct] Progress: 0%
  [N=90000, 40pct] Progress: 25%
  [N=90000, 40pct] Progress: 50%
  [N=90000, 40pct] Progress: 75%
[DONE] N=90000, Ratio=40% -> Avg: 22797.3 (ratio: 0.63)
[START] N=30000, Ratio=45%, Runs=30000
  [N=30000, 45pct] Progress: 0%
  [N=30000, 45pct] Progress: 25%
  [N=30000, 45pct] Progress: 50%
  [N=30000, 45pct] Progress: 75%
[DONE] N=30000, Ratio=45% -> Avg: 7294.3 (ratio: 0.54)
[START] N=90000, Ratio=45%, Runs=90000
  [N=90000, 45pct] Progress: 0%
  [N=90000, 45pct] Progress: 25%
  [N=90000, 45pct] Progress: 50%
  [N=90000, 45pct] Progress: 75%
[DONE] N=90000, Ratio=45% -> Avg: 21900.4 (ratio: 0.54)
[START] N=30000, Ratio=50%, Runs=30000
  [N=30000, 50pct] Progress: 0%
  [N=30000, 50pct] Progress: 25%
  [N=30000, 50pct] Progress: 50%
  [N=30000, 50pct] Progress: 75%
[DONE] N=30000, Ratio=50% -> Avg: 7025.8 (ratio: 0.47)
[START] N=90000, Ratio=50%, Runs=90000
  [N=90000, 50pct] Progress: 0%
  [N=90000, 50pct] Progress: 25%
  [N=90000, 50pct] Progress: 50%
  [N=90000, 50pct] Progress: 75%
[DONE] N=90000, Ratio=50% -> Avg: 21158.0 (ratio: 0.47)
[START] N=30000, Ratio=35%, Runs=30000
  [N=30000, 35pct] Progress: 0%
  [N=30000, 35pct] Progress: 25%
  [N=30000, 35pct] Progress: 50%
  [N=30000, 35pct] Progress: 75%
[DONE] N=30000, Ratio=35% -> Avg: 7853.9 (ratio: 0.75)
[START] N=100000, Ratio=30%, Runs=100000
  [N=100000, 30pct] Progress: 0%
  [N=100000, 30pct] Progress: 25%
  [N=100000, 30pct] Progress: 50%
  [N=100000, 30pct] Progress: 75%
[DONE] N=100000, Ratio=30% -> Avg: 27250.7 (ratio: 0.91)
[START] N=40000, Ratio=40%, Runs=40000
  [N=40000, 40pct] Progress: 0%
  [N=40000, 40pct] Progress: 25%
  [N=40000, 40pct] Progress: 50%
  [N=40000, 40pct] Progress: 75%
[DONE] N=40000, Ratio=40% -> Avg: 10092.7 (ratio: 0.63)
[START] N=100000, Ratio=45%, Runs=100000
  [N=100000, 45pct] Progress: 0%
  [N=100000, 45pct] Progress: 25%
  [N=100000, 45pct] Progress: 50%
  [N=100000, 45pct] Progress: 75%
[DONE] N=100000, Ratio=45% -> Avg: 24380.0 (ratio: 0.54)
[START] N=40000, Ratio=30%, Runs=40000
  [N=40000, 30pct] Progress: 0%
  [N=40000, 30pct] Progress: 25%
  [N=40000, 30pct] Progress: 50%
  [N=40000, 30pct] Progress: 75%
[DONE] N=40000, Ratio=30% -> Avg: 10934.3 (ratio: 0.91)
[START] N=100000, Ratio=50%, Runs=100000
  [N=100000, 50pct] Progress: 0%
  [N=100000, 50pct] Progress: 25%
  [N=100000, 50pct] Progress: 50%
  [N=100000, 50pct] Progress: 75%
[DONE] N=100000, Ratio=50% -> Avg: 23353.0 (ratio: 0.47)
[START] N=40000, Ratio=45%, Runs=40000
  [N=40000, 45pct] Progress: 0%
  [N=40000, 45pct] Progress: 25%
  [N=40000, 45pct] Progress: 50%
  [N=40000, 45pct] Progress: 75%
[DONE] N=40000, Ratio=45% -> Avg: 9695.3 (ratio: 0.54)
[START] N=100000, Ratio=40%, Runs=100000
  [N=100000, 40pct] Progress: 0%
  [N=100000, 40pct] Progress: 25%
  [N=100000, 40pct] Progress: 50%
  [N=100000, 40pct] Progress: 75%
[DONE] N=100000, Ratio=40% -> Avg: 25292.2 (ratio: 0.63)
[START] N=40000, Ratio=35%, Runs=40000
  [N=40000, 35pct] Progress: 0%
  [N=40000, 35pct] Progress: 25%
  [N=40000, 35pct] Progress: 50%
  [N=40000, 35pct] Progress: 75%
[DONE] N=40000, Ratio=35% -> Avg: 10519.6 (ratio: 0.75)
[START] N=100000, Ratio=35%, Runs=100000
  [N=100000, 35pct] Progress: 0%
  [N=100000, 35pct] Progress: 25%
  [N=100000, 35pct] Progress: 50%
  [N=100000, 35pct] Progress: 75%
[DONE] N=100000, Ratio=35% -> Avg: 26257.3 (ratio: 0.75)

Summary plots saved to: ./data/throwbin1_parallel_summary_20251215_110219.png

======================================================================
EXPERIMENT COMPLETE
======================================================================
Duration: 14:42:11.320350
Summary saved to: ./data/throwbin1_parallel_summary_20251215_110219.csv

Results by (N, Ratio):
----------------------------------------------------------------------
         N |  Ratio |     Bins |  Avg Covered |  Avg Ratio
----------------------------------------------------------------------
     10000 |    30% |     3000 |      2717.32 |       0.91
     10000 |    35% |     3500 |      2621.22 |       0.75
     10000 |    40% |     4000 |      2540.34 |       0.64
     10000 |    45% |     4500 |      2452.88 |       0.55
     10000 |    50% |     5000 |      2352.08 |       0.47
     20000 |    30% |     6000 |      5468.86 |       0.91
     20000 |    35% |     7000 |      5267.01 |       0.75
     20000 |    40% |     8000 |      5068.89 |       0.63
     20000 |    45% |     9000 |      4852.84 |       0.54
     20000 |    50% |    10000 |      4693.01 |       0.47
     30000 |    30% |     9000 |      8155.77 |       0.91
     30000 |    35% |    10500 |      7853.90 |       0.75
     30000 |    40% |    12000 |      7577.68 |       0.63
     30000 |    45% |    13500 |      7294.35 |       0.54
     30000 |    50% |    15000 |      7025.80 |       0.47
     40000 |    30% |    12000 |     10934.30 |       0.91
     40000 |    35% |    14000 |     10519.56 |       0.75
     40000 |    40% |    16000 |     10092.74 |       0.63
     40000 |    45% |    18000 |      9695.26 |       0.54
     40000 |    50% |    20000 |      9321.21 |       0.47
     50000 |    30% |    15000 |     13643.89 |       0.91
     50000 |    35% |    17500 |     13091.78 |       0.75
     50000 |    40% |    20000 |     12601.39 |       0.63
     50000 |    45% |    22500 |     12113.39 |       0.54
     50000 |    50% |    25000 |     11718.21 |       0.47
     60000 |    30% |    18000 |     16363.83 |       0.91
     60000 |    35% |    21000 |     15790.69 |       0.75
     60000 |    40% |    24000 |     15100.45 |       0.63
     60000 |    45% |    27000 |     14601.17 |       0.54
     60000 |    50% |    30000 |     14097.60 |       0.47
     70000 |    30% |    21000 |     19053.19 |       0.91
     70000 |    35% |    24500 |     18327.79 |       0.75
     70000 |    40% |    28000 |     17766.30 |       0.63
     70000 |    45% |    31500 |     16978.70 |       0.54
     70000 |    50% |    35000 |     16398.83 |       0.47
     80000 |    30% |    24000 |     21803.68 |       0.91
     80000 |    35% |    28000 |     20998.32 |       0.75
     80000 |    40% |    32000 |     20295.38 |       0.63
     80000 |    45% |    36000 |     19301.87 |       0.54
     80000 |    50% |    40000 |     18722.01 |       0.47
     90000 |    30% |    27000 |     24531.45 |       0.91
     90000 |    35% |    31499 |     23654.77 |       0.75
     90000 |    40% |    36000 |     22797.35 |       0.63
     90000 |    45% |    40500 |     21900.37 |       0.54
     90000 |    50% |    45000 |     21157.97 |       0.47
    100000 |    30% |    30000 |     27250.66 |       0.91
    100000 |    35% |    35000 |     26257.31 |       0.75
    100000 |    40% |    40000 |     25292.24 |       0.63
    100000 |    45% |    45000 |     24380.03 |       0.54
    100000 |    50% |    50000 |     23353.03 |       0.47
----------------------------------------------------------------------

All experiments complete!
